// Jest Snapshot v1, https://goo.gl/fbAQLP

exports[`Pruebas en <DataCard /> Debe hacer match con el snapshot 1`] = `
<div>
  <div
    class="MuiPaper-root MuiPaper-elevation MuiPaper-rounded MuiPaper-elevation1 MuiCard-root css-zwt9xa-MuiPaper-root-MuiCard-root"
  >
    <img
      alt="The Shawshank Redemption"
      class="MuiCardMedia-root MuiCardMedia-media MuiCardMedia-img css-o69gx8-MuiCardMedia-root"
      src="https://m.media-amazon.com/images/M/MV5BMDFkYTc0MGEtZmNhMC00ZDIzLWFmNTEtODM1ZmRlYWMwMWFmXkEyXkFqcGdeQXVyMTMxODk2OTU@._V1_UX128_CR0,3,128,176_AL_.jpg"
    />
    <div
      class="MuiCardContent-root css-46bh2p-MuiCardContent-root"
    >
      <div
        class="MuiTypography-root MuiTypography-h5 MuiTypography-gutterBottom css-h93ljk-MuiTypography-root"
      >
        The Shawshank Redemption
      </div>
      <h6
        class="MuiTypography-root MuiTypography-subtitle2 css-ati914-MuiTypography-root"
      >
        Frank Darabont (dir.), Tim Robbins, Morgan Freeman
      </h6>
      <p
        class="MuiTypography-root MuiTypography-body2 css-r40f8v-MuiTypography-root"
      >
        Crew
      </p>
      <h6
        class="MuiTypography-root MuiTypography-subtitle2 css-ati914-MuiTypography-root"
      >
        1994
      </h6>
      <p
        class="MuiTypography-root MuiTypography-body2 css-r40f8v-MuiTypography-root"
      >
        Year
      </p>
      <h6
        class="MuiTypography-root MuiTypography-subtitle2 css-ati914-MuiTypography-root"
      >
        1
      </h6>
      <p
        class="MuiTypography-root MuiTypography-body2 css-r40f8v-MuiTypography-root"
      >
        Rank
      </p>
      <span
        aria-label="4.6 Stars"
        class="MuiRating-root MuiRating-sizeSmall MuiRating-readyOnly css-1lauo1g-MuiRating-root"
        role="img"
      >
        <span
          class="MuiRating-decimal css-34he1w-MuiRating-decimal"
        >
          <span
            style="width: 0%; overflow: hidden; position: absolute;"
          >
            <span
              class="MuiRating-icon MuiRating-iconFilled css-7qmtgc-MuiRating-icon"
            >
              <svg
                aria-hidden="true"
                class="MuiSvgIcon-root MuiSvgIcon-fontSizeInherit css-1vooibu-MuiSvgIcon-root"
                data-testid="StarIcon"
                focusable="false"
                viewBox="0 0 24 24"
              >
                <path
                  d="M12 17.27L18.18 21l-1.64-7.03L22 9.24l-7.19-.61L12 2 9.19 8.63 2 9.24l5.46 4.73L5.82 21z"
                />
              </svg>
            </span>
          </span>
          <span
            style="width: 0%; overflow: hidden; position: absolute;"
          >
            <span
              class="MuiRating-icon MuiRating-iconFilled css-7qmtgc-MuiRating-icon"
            >
              <svg
                aria-hidden="true"
                class="MuiSvgIcon-root MuiSvgIcon-fontSizeInherit css-1vooibu-MuiSvgIcon-root"
                data-testid="StarIcon"
                focusable="false"
                viewBox="0 0 24 24"
              >
                <path
                  d="M12 17.27L18.18 21l-1.64-7.03L22 9.24l-7.19-.61L12 2 9.19 8.63 2 9.24l5.46 4.73L5.82 21z"
                />
              </svg>
            </span>
          </span>
          <span
            style="width: 0%; overflow: hidden; position: absolute;"
          >
            <span
              class="MuiRating-icon MuiRating-iconFilled css-7qmtgc-MuiRating-icon"
            >
              <svg
                aria-hidden="true"
                class="MuiSvgIcon-root MuiSvgIcon-fontSizeInherit css-1vooibu-MuiSvgIcon-root"
                data-testid="StarIcon"
                focusable="false"
                viewBox="0 0 24 24"
              >
                <path
                  d="M12 17.27L18.18 21l-1.64-7.03L22 9.24l-7.19-.61L12 2 9.19 8.63 2 9.24l5.46 4.73L5.82 21z"
                />
              </svg>
            </span>
          </span>
          <span
            style="width: 0%; overflow: hidden; position: absolute;"
          >
            <span
              class="MuiRating-icon MuiRating-iconFilled css-7qmtgc-MuiRating-icon"
            >
              <svg
                aria-hidden="true"
                class="MuiSvgIcon-root MuiSvgIcon-fontSizeInherit css-1vooibu-MuiSvgIcon-root"
                data-testid="StarIcon"
                focusable="false"
                viewBox="0 0 24 24"
              >
                <path
                  d="M12 17.27L18.18 21l-1.64-7.03L22 9.24l-7.19-.61L12 2 9.19 8.63 2 9.24l5.46 4.73L5.82 21z"
                />
              </svg>
            </span>
          </span>
          <span>
            <span
              class="MuiRating-icon MuiRating-iconFilled css-7qmtgc-MuiRating-icon"
            >
              <svg
                aria-hidden="true"
                class="MuiSvgIcon-root MuiSvgIcon-fontSizeInherit css-1vooibu-MuiSvgIcon-root"
                data-testid="StarIcon"
                focusable="false"
                viewBox="0 0 24 24"
              >
                <path
                  d="M12 17.27L18.18 21l-1.64-7.03L22 9.24l-7.19-.61L12 2 9.19 8.63 2 9.24l5.46 4.73L5.82 21z"
                />
              </svg>
            </span>
          </span>
        </span>
        <span
          class="MuiRating-decimal css-34he1w-MuiRating-decimal"
        >
          <span
            style="width: 0%; overflow: hidden; position: absolute;"
          >
            <span
              class="MuiRating-icon MuiRating-iconFilled css-7qmtgc-MuiRating-icon"
            >
              <svg
                aria-hidden="true"
                class="MuiSvgIcon-root MuiSvgIcon-fontSizeInherit css-1vooibu-MuiSvgIcon-root"
                data-testid="StarIcon"
                focusable="false"
                viewBox="0 0 24 24"
              >
                <path
                  d="M12 17.27L18.18 21l-1.64-7.03L22 9.24l-7.19-.61L12 2 9.19 8.63 2 9.24l5.46 4.73L5.82 21z"
                />
              </svg>
            </span>
          </span>
          <span
            style="width: 0%; overflow: hidden; position: absolute;"
          >
            <span
              class="MuiRating-icon MuiRating-iconFilled css-7qmtgc-MuiRating-icon"
            >
              <svg
                aria-hidden="true"
                class="MuiSvgIcon-root MuiSvgIcon-fontSizeInherit css-1vooibu-MuiSvgIcon-root"
                data-testid="StarIcon"
                focusable="false"
                viewBox="0 0 24 24"
              >
                <path
                  d="M12 17.27L18.18 21l-1.64-7.03L22 9.24l-7.19-.61L12 2 9.19 8.63 2 9.24l5.46 4.73L5.82 21z"
                />
              </svg>
            </span>
          </span>
          <span
            style="width: 0%; overflow: hidden; position: absolute;"
          >
            <span
              class="MuiRating-icon MuiRating-iconFilled css-7qmtgc-MuiRating-icon"
            >
              <svg
                aria-hidden="true"
                class="MuiSvgIcon-root MuiSvgIcon-fontSizeInherit css-1vooibu-MuiSvgIcon-root"
                data-testid="StarIcon"
                focusable="false"
                viewBox="0 0 24 24"
              >
                <path
                  d="M12 17.27L18.18 21l-1.64-7.03L22 9.24l-7.19-.61L12 2 9.19 8.63 2 9.24l5.46 4.73L5.82 21z"
                />
              </svg>
            </span>
          </span>
          <span
            style="width: 0%; overflow: hidden; position: absolute;"
          >
            <span
              class="MuiRating-icon MuiRating-iconFilled css-7qmtgc-MuiRating-icon"
            >
              <svg
                aria-hidden="true"
                class="MuiSvgIcon-root MuiSvgIcon-fontSizeInherit css-1vooibu-MuiSvgIcon-root"
                data-testid="StarIcon"
                focusable="false"
                viewBox="0 0 24 24"
              >
                <path
                  d="M12 17.27L18.18 21l-1.64-7.03L22 9.24l-7.19-.61L12 2 9.19 8.63 2 9.24l5.46 4.73L5.82 21z"
                />
              </svg>
            </span>
          </span>
          <span>
            <span
              class="MuiRating-icon MuiRating-iconFilled css-7qmtgc-MuiRating-icon"
            >
              <svg
                aria-hidden="true"
                class="MuiSvgIcon-root MuiSvgIcon-fontSizeInherit css-1vooibu-MuiSvgIcon-root"
                data-testid="StarIcon"
                focusable="false"
                viewBox="0 0 24 24"
              >
                <path
                  d="M12 17.27L18.18 21l-1.64-7.03L22 9.24l-7.19-.61L12 2 9.19 8.63 2 9.24l5.46 4.73L5.82 21z"
                />
              </svg>
            </span>
          </span>
        </span>
        <span
          class="MuiRating-decimal css-34he1w-MuiRating-decimal"
        >
          <span
            style="width: 0%; overflow: hidden; position: absolute;"
          >
            <span
              class="MuiRating-icon MuiRating-iconFilled css-7qmtgc-MuiRating-icon"
            >
              <svg
                aria-hidden="true"
                class="MuiSvgIcon-root MuiSvgIcon-fontSizeInherit css-1vooibu-MuiSvgIcon-root"
                data-testid="StarIcon"
                focusable="false"
                viewBox="0 0 24 24"
              >
                <path
                  d="M12 17.27L18.18 21l-1.64-7.03L22 9.24l-7.19-.61L12 2 9.19 8.63 2 9.24l5.46 4.73L5.82 21z"
                />
              </svg>
            </span>
          </span>
          <span
            style="width: 0%; overflow: hidden; position: absolute;"
          >
            <span
              class="MuiRating-icon MuiRating-iconFilled css-7qmtgc-MuiRating-icon"
            >
              <svg
                aria-hidden="true"
                class="MuiSvgIcon-root MuiSvgIcon-fontSizeInherit css-1vooibu-MuiSvgIcon-root"
                data-testid="StarIcon"
                focusable="false"
                viewBox="0 0 24 24"
              >
                <path
                  d="M12 17.27L18.18 21l-1.64-7.03L22 9.24l-7.19-.61L12 2 9.19 8.63 2 9.24l5.46 4.73L5.82 21z"
                />
              </svg>
            </span>
          </span>
          <span
            style="width: 0%; overflow: hidden; position: absolute;"
          >
            <span
              class="MuiRating-icon MuiRating-iconFilled css-7qmtgc-MuiRating-icon"
            >
              <svg
                aria-hidden="true"
                class="MuiSvgIcon-root MuiSvgIcon-fontSizeInherit css-1vooibu-MuiSvgIcon-root"
                data-testid="StarIcon"
                focusable="false"
                viewBox="0 0 24 24"
              >
                <path
                  d="M12 17.27L18.18 21l-1.64-7.03L22 9.24l-7.19-.61L12 2 9.19 8.63 2 9.24l5.46 4.73L5.82 21z"
                />
              </svg>
            </span>
          </span>
          <span
            style="width: 0%; overflow: hidden; position: absolute;"
          >
            <span
              class="MuiRating-icon MuiRating-iconFilled css-7qmtgc-MuiRating-icon"
            >
              <svg
                aria-hidden="true"
                class="MuiSvgIcon-root MuiSvgIcon-fontSizeInherit css-1vooibu-MuiSvgIcon-root"
                data-testid="StarIcon"
                focusable="false"
                viewBox="0 0 24 24"
              >
                <path
                  d="M12 17.27L18.18 21l-1.64-7.03L22 9.24l-7.19-.61L12 2 9.19 8.63 2 9.24l5.46 4.73L5.82 21z"
                />
              </svg>
            </span>
          </span>
          <span>
            <span
              class="MuiRating-icon MuiRating-iconFilled css-7qmtgc-MuiRating-icon"
            >
              <svg
                aria-hidden="true"
                class="MuiSvgIcon-root MuiSvgIcon-fontSizeInherit css-1vooibu-MuiSvgIcon-root"
                data-testid="StarIcon"
                focusable="false"
                viewBox="0 0 24 24"
              >
                <path
                  d="M12 17.27L18.18 21l-1.64-7.03L22 9.24l-7.19-.61L12 2 9.19 8.63 2 9.24l5.46 4.73L5.82 21z"
                />
              </svg>
            </span>
          </span>
        </span>
        <span
          class="MuiRating-decimal css-34he1w-MuiRating-decimal"
        >
          <span
            style="width: 0%; overflow: hidden; position: absolute;"
          >
            <span
              class="MuiRating-icon MuiRating-iconFilled css-7qmtgc-MuiRating-icon"
            >
              <svg
                aria-hidden="true"
                class="MuiSvgIcon-root MuiSvgIcon-fontSizeInherit css-1vooibu-MuiSvgIcon-root"
                data-testid="StarIcon"
                focusable="false"
                viewBox="0 0 24 24"
              >
                <path
                  d="M12 17.27L18.18 21l-1.64-7.03L22 9.24l-7.19-.61L12 2 9.19 8.63 2 9.24l5.46 4.73L5.82 21z"
                />
              </svg>
            </span>
          </span>
          <span
            style="width: 0%; overflow: hidden; position: absolute;"
          >
            <span
              class="MuiRating-icon MuiRating-iconFilled css-7qmtgc-MuiRating-icon"
            >
              <svg
                aria-hidden="true"
                class="MuiSvgIcon-root MuiSvgIcon-fontSizeInherit css-1vooibu-MuiSvgIcon-root"
                data-testid="StarIcon"
                focusable="false"
                viewBox="0 0 24 24"
              >
                <path
                  d="M12 17.27L18.18 21l-1.64-7.03L22 9.24l-7.19-.61L12 2 9.19 8.63 2 9.24l5.46 4.73L5.82 21z"
                />
              </svg>
            </span>
          </span>
          <span
            style="width: 0%; overflow: hidden; position: absolute;"
          >
            <span
              class="MuiRating-icon MuiRating-iconFilled css-7qmtgc-MuiRating-icon"
            >
              <svg
                aria-hidden="true"
                class="MuiSvgIcon-root MuiSvgIcon-fontSizeInherit css-1vooibu-MuiSvgIcon-root"
                data-testid="StarIcon"
                focusable="false"
                viewBox="0 0 24 24"
              >
                <path
                  d="M12 17.27L18.18 21l-1.64-7.03L22 9.24l-7.19-.61L12 2 9.19 8.63 2 9.24l5.46 4.73L5.82 21z"
                />
              </svg>
            </span>
          </span>
          <span
            style="width: 0%; overflow: hidden; position: absolute;"
          >
            <span
              class="MuiRating-icon MuiRating-iconFilled css-7qmtgc-MuiRating-icon"
            >
              <svg
                aria-hidden="true"
                class="MuiSvgIcon-root MuiSvgIcon-fontSizeInherit css-1vooibu-MuiSvgIcon-root"
                data-testid="StarIcon"
                focusable="false"
                viewBox="0 0 24 24"
              >
                <path
                  d="M12 17.27L18.18 21l-1.64-7.03L22 9.24l-7.19-.61L12 2 9.19 8.63 2 9.24l5.46 4.73L5.82 21z"
                />
              </svg>
            </span>
          </span>
          <span>
            <span
              class="MuiRating-icon MuiRating-iconFilled css-7qmtgc-MuiRating-icon"
            >
              <svg
                aria-hidden="true"
                class="MuiSvgIcon-root MuiSvgIcon-fontSizeInherit css-1vooibu-MuiSvgIcon-root"
                data-testid="StarIcon"
                focusable="false"
                viewBox="0 0 24 24"
              >
                <path
                  d="M12 17.27L18.18 21l-1.64-7.03L22 9.24l-7.19-.61L12 2 9.19 8.63 2 9.24l5.46 4.73L5.82 21z"
                />
              </svg>
            </span>
          </span>
        </span>
        <span
          class="MuiRating-decimal css-34he1w-MuiRating-decimal"
        >
          <span
            style="width: 0%; overflow: hidden; position: absolute;"
          >
            <span
              class="MuiRating-icon MuiRating-iconFilled css-7qmtgc-MuiRating-icon"
            >
              <svg
                aria-hidden="true"
                class="MuiSvgIcon-root MuiSvgIcon-fontSizeInherit css-1vooibu-MuiSvgIcon-root"
                data-testid="StarIcon"
                focusable="false"
                viewBox="0 0 24 24"
              >
                <path
                  d="M12 17.27L18.18 21l-1.64-7.03L22 9.24l-7.19-.61L12 2 9.19 8.63 2 9.24l5.46 4.73L5.82 21z"
                />
              </svg>
            </span>
          </span>
          <span
            style="width: 0%; overflow: hidden; position: absolute;"
          >
            <span
              class="MuiRating-icon MuiRating-iconFilled css-7qmtgc-MuiRating-icon"
            >
              <svg
                aria-hidden="true"
                class="MuiSvgIcon-root MuiSvgIcon-fontSizeInherit css-1vooibu-MuiSvgIcon-root"
                data-testid="StarIcon"
                focusable="false"
                viewBox="0 0 24 24"
              >
                <path
                  d="M12 17.27L18.18 21l-1.64-7.03L22 9.24l-7.19-.61L12 2 9.19 8.63 2 9.24l5.46 4.73L5.82 21z"
                />
              </svg>
            </span>
          </span>
          <span
            style="width: 60.00000000000001%; overflow: hidden; position: absolute;"
          >
            <span
              class="MuiRating-icon MuiRating-iconFilled css-7qmtgc-MuiRating-icon"
            >
              <svg
                aria-hidden="true"
                class="MuiSvgIcon-root MuiSvgIcon-fontSizeInherit css-1vooibu-MuiSvgIcon-root"
                data-testid="StarIcon"
                focusable="false"
                viewBox="0 0 24 24"
              >
                <path
                  d="M12 17.27L18.18 21l-1.64-7.03L22 9.24l-7.19-.61L12 2 9.19 8.63 2 9.24l5.46 4.73L5.82 21z"
                />
              </svg>
            </span>
          </span>
          <span
            style="width: 0%; overflow: hidden; position: absolute;"
          >
            <span
              class="MuiRating-icon MuiRating-iconEmpty css-1c99szj-MuiRating-icon"
            >
              <svg
                aria-hidden="true"
                class="MuiSvgIcon-root MuiSvgIcon-fontSizeInherit css-1vooibu-MuiSvgIcon-root"
                data-testid="StarBorderIcon"
                focusable="false"
                viewBox="0 0 24 24"
              >
                <path
                  d="M22 9.24l-7.19-.62L12 2 9.19 8.63 2 9.24l5.46 4.73L5.82 21 12 17.27 18.18 21l-1.63-7.03L22 9.24zM12 15.4l-3.76 2.27 1-4.28-3.32-2.88 4.38-.38L12 6.1l1.71 4.04 4.38.38-3.32 2.88 1 4.28L12 15.4z"
                />
              </svg>
            </span>
          </span>
          <span>
            <span
              class="MuiRating-icon MuiRating-iconEmpty css-1c99szj-MuiRating-icon"
            >
              <svg
                aria-hidden="true"
                class="MuiSvgIcon-root MuiSvgIcon-fontSizeInherit css-1vooibu-MuiSvgIcon-root"
                data-testid="StarBorderIcon"
                focusable="false"
                viewBox="0 0 24 24"
              >
                <path
                  d="M22 9.24l-7.19-.62L12 2 9.19 8.63 2 9.24l5.46 4.73L5.82 21 12 17.27 18.18 21l-1.63-7.03L22 9.24zM12 15.4l-3.76 2.27 1-4.28-3.32-2.88 4.38-.38L12 6.1l1.71 4.04 4.38.38-3.32 2.88 1 4.28L12 15.4z"
                />
              </svg>
            </span>
          </span>
        </span>
      </span>
      <p
        class="MuiTypography-root MuiTypography-body2 css-r40f8v-MuiTypography-root"
      >
        ImDb Rating
      </p>
    </div>
  </div>
</div>
`;
